
> adkryoss@0.0.0 build
> vite build

[36mvite v7.3.1 [32mbuilding client environment for production...[36m[39m
transforming...
[32mΓ£ô[39m 45 modules transformed.
node.exe : 
[31mΓ£ù[39m Build 
failed in 1.22s
At line:1 char:1
+ & "C:\Program Files
\nodejs/node.exe" 
"C:\Program 
Files\nodejs/node_mo 
...
+ ~~~~~~~~~~~~~~~~~~~
~~~~~~~~~~~~~~~~~~~~~
~~~~~~~~~~~~~~~~~~~~~
~~~~~~~~
    + CategoryInfo   
           : NotSpe  
  cified: ([31mΓ£   
 ù[39m Build fai    
led in 1.22s:Str    
ing) [], RemoteE    
xception
    + FullyQualified 
   ErrorId : Native  
  CommandError
 
[31merror during 
build:
[31m[vite:esbuild] 
Transform failed 
with 3 errors:
D:/adkryoss/src/pages
/our-services/app-mar
keting/AppCRO.jsx:70:
8: ERROR: Unexpected 
closing "div" tag 
does not match 
opening "section" tag
D:/adkryoss/src/pages
/our-services/app-mar
keting/AppCRO.jsx:71:
6: ERROR: Unexpected 
closing "section" 
tag does not match 
opening fragment tag
D:/adkryoss/src/pages
/our-services/app-mar
keting/AppCRO.jsx:74:
15: ERROR: Expected 
")" but found 
"className"[31m
file: [36mD:/adkryos
s/src/pages/our-servi
ces/app-marketing/App
CRO.jsx:70:8[31m
[33m
[33mUnexpected 
closing "div" tag 
does not match 
opening "section" 
tag[33m
68 |  
69 |  
70 |        </div>
   |          ^
71 |      </section >
72 |  

[33mUnexpected 
closing "section" 
tag does not match 
opening fragment 
tag[33m
69 |  
70 |        </div>
71 |      </section >
   |        ^
72 |  
73 |  

[33mExpected ")" 
but found 
"className"[33m
72 |  
73 |  
74 |        <section 
className="py-20 
px-6 bg-gray-50">
   |                 
^
75 |          <div 
className="max-w-7xl 
mx-auto flex 
flex-col lg:flex-row 
items-center gap-12">
76 |  
[31m
    at 
failureErrorWithLog (
D:\adkryoss\node_modu
les\esbuild\lib\main.
js:1467:15)
    at D:\adkryoss\no
de_modules\esbuild\li
b\main.js:736:50
    at responseCallba
cks.<computed> (D:\ad
kryoss\node_modules\e
sbuild\lib\main.js:60
3:9)
    at 
handleIncomingPacket 
(D:\adkryoss\node_mod
ules\esbuild\lib\main
.js:658:12)
    at Socket.readFro
mStdout (D:\adkryoss\
node_modules\esbuild\
lib\main.js:581:7)
    at Socket.emit 
(node:events:508:28)
    at addChunk (node
:internal/streams/rea
dable:559:12)
    at readableAddChu
nkPushByteMode (node:
internal/streams/read
able:510:3)
    at Readable.push 
(node:internal/stream
s/readable:390:5)
    at 
Pipe.onStreamRead (no
de:internal/stream_ba
se_commons:189:23)[3
9m
